###############################################################################
#
# IAR ELF Linker V8.32.1.169/W32 for ARM                  10/Nov/2019  19:49:35
# Copyright 2007-2018 IAR Systems AB.
#
#    Output file  =  C:\Users\47282\Desktop\CubeMX\EWARM\CubeMX\Exe\CubeMX.out
#    Map file     =  C:\Users\47282\Desktop\CubeMX\EWARM\CubeMX\List\CubeMX.map
#    Command line =  
#        -f C:\Users\47282\AppData\Local\Temp\EW2935.tmp
#        (C:\Users\47282\Desktop\CubeMX\EWARM\CubeMX\Obj\cc1310_com.o
#        C:\Users\47282\Desktop\CubeMX\EWARM\CubeMX\Obj\CircularQueue.o
#        C:\Users\47282\Desktop\CubeMX\EWARM\CubeMX\Obj\cmsis_os.o
#        C:\Users\47282\Desktop\CubeMX\EWARM\CubeMX\Obj\croutine.o
#        C:\Users\47282\Desktop\CubeMX\EWARM\CubeMX\Obj\diskio.o
#        C:\Users\47282\Desktop\CubeMX\EWARM\CubeMX\Obj\dma.o
#        C:\Users\47282\Desktop\CubeMX\EWARM\CubeMX\Obj\event_groups.o
#        C:\Users\47282\Desktop\CubeMX\EWARM\CubeMX\Obj\fatfs.o
#        C:\Users\47282\Desktop\CubeMX\EWARM\CubeMX\Obj\ff.o
#        C:\Users\47282\Desktop\CubeMX\EWARM\CubeMX\Obj\ff_gen_drv.o
#        C:\Users\47282\Desktop\CubeMX\EWARM\CubeMX\Obj\flash_opt.o
#        C:\Users\47282\Desktop\CubeMX\EWARM\CubeMX\Obj\freertos.o
#        C:\Users\47282\Desktop\CubeMX\EWARM\CubeMX\Obj\gpio.o
#        C:\Users\47282\Desktop\CubeMX\EWARM\CubeMX\Obj\heap_4.o
#        C:\Users\47282\Desktop\CubeMX\EWARM\CubeMX\Obj\iwdg.o
#        C:\Users\47282\Desktop\CubeMX\EWARM\CubeMX\Obj\list.o
#        C:\Users\47282\Desktop\CubeMX\EWARM\CubeMX\Obj\main.o
#        C:\Users\47282\Desktop\CubeMX\EWARM\CubeMX\Obj\port.o
#        C:\Users\47282\Desktop\CubeMX\EWARM\CubeMX\Obj\portasm.o
#        C:\Users\47282\Desktop\CubeMX\EWARM\CubeMX\Obj\queue.o
#        C:\Users\47282\Desktop\CubeMX\EWARM\CubeMX\Obj\rs485_opt.o
#        C:\Users\47282\Desktop\CubeMX\EWARM\CubeMX\Obj\rtc.o
#        C:\Users\47282\Desktop\CubeMX\EWARM\CubeMX\Obj\screen_com.o
#        C:\Users\47282\Desktop\CubeMX\EWARM\CubeMX\Obj\spi.o
#        C:\Users\47282\Desktop\CubeMX\EWARM\CubeMX\Obj\startup_stm32f103xe.o
#        C:\Users\47282\Desktop\CubeMX\EWARM\CubeMX\Obj\stm32f1xx_hal.o
#        C:\Users\47282\Desktop\CubeMX\EWARM\CubeMX\Obj\stm32f1xx_hal_cortex.o
#        C:\Users\47282\Desktop\CubeMX\EWARM\CubeMX\Obj\stm32f1xx_hal_dma.o
#        C:\Users\47282\Desktop\CubeMX\EWARM\CubeMX\Obj\stm32f1xx_hal_exti.o
#        C:\Users\47282\Desktop\CubeMX\EWARM\CubeMX\Obj\stm32f1xx_hal_flash.o
#        C:\Users\47282\Desktop\CubeMX\EWARM\CubeMX\Obj\stm32f1xx_hal_flash_ex.o
#        C:\Users\47282\Desktop\CubeMX\EWARM\CubeMX\Obj\stm32f1xx_hal_gpio.o
#        C:\Users\47282\Desktop\CubeMX\EWARM\CubeMX\Obj\stm32f1xx_hal_gpio_ex.o
#        C:\Users\47282\Desktop\CubeMX\EWARM\CubeMX\Obj\stm32f1xx_hal_iwdg.o
#        C:\Users\47282\Desktop\CubeMX\EWARM\CubeMX\Obj\stm32f1xx_hal_msp.o
#        C:\Users\47282\Desktop\CubeMX\EWARM\CubeMX\Obj\stm32f1xx_hal_pcd.o
#        C:\Users\47282\Desktop\CubeMX\EWARM\CubeMX\Obj\stm32f1xx_hal_pcd_ex.o
#        C:\Users\47282\Desktop\CubeMX\EWARM\CubeMX\Obj\stm32f1xx_hal_pwr.o
#        C:\Users\47282\Desktop\CubeMX\EWARM\CubeMX\Obj\stm32f1xx_hal_rcc.o
#        C:\Users\47282\Desktop\CubeMX\EWARM\CubeMX\Obj\stm32f1xx_hal_rcc_ex.o
#        C:\Users\47282\Desktop\CubeMX\EWARM\CubeMX\Obj\stm32f1xx_hal_rtc.o
#        C:\Users\47282\Desktop\CubeMX\EWARM\CubeMX\Obj\stm32f1xx_hal_rtc_ex.o
#        C:\Users\47282\Desktop\CubeMX\EWARM\CubeMX\Obj\stm32f1xx_hal_spi.o
#        C:\Users\47282\Desktop\CubeMX\EWARM\CubeMX\Obj\stm32f1xx_hal_tim.o
#        C:\Users\47282\Desktop\CubeMX\EWARM\CubeMX\Obj\stm32f1xx_hal_tim_ex.o
#        C:\Users\47282\Desktop\CubeMX\EWARM\CubeMX\Obj\stm32f1xx_hal_timebase_tim.o
#        C:\Users\47282\Desktop\CubeMX\EWARM\CubeMX\Obj\stm32f1xx_hal_uart.o
#        C:\Users\47282\Desktop\CubeMX\EWARM\CubeMX\Obj\stm32f1xx_it.o
#        C:\Users\47282\Desktop\CubeMX\EWARM\CubeMX\Obj\stm32f1xx_ll_usb.o
#        C:\Users\47282\Desktop\CubeMX\EWARM\CubeMX\Obj\stream_buffer.o
#        C:\Users\47282\Desktop\CubeMX\EWARM\CubeMX\Obj\sys.o
#        C:\Users\47282\Desktop\CubeMX\EWARM\CubeMX\Obj\syscall.o
#        C:\Users\47282\Desktop\CubeMX\EWARM\CubeMX\Obj\system_stm32f1xx.o
#        C:\Users\47282\Desktop\CubeMX\EWARM\CubeMX\Obj\tasks.o
#        C:\Users\47282\Desktop\CubeMX\EWARM\CubeMX\Obj\tim.o
#        C:\Users\47282\Desktop\CubeMX\EWARM\CubeMX\Obj\timers.o
#        C:\Users\47282\Desktop\CubeMX\EWARM\CubeMX\Obj\usart.o
#        C:\Users\47282\Desktop\CubeMX\EWARM\CubeMX\Obj\usb_device.o
#        C:\Users\47282\Desktop\CubeMX\EWARM\CubeMX\Obj\usbd_conf.o
#        C:\Users\47282\Desktop\CubeMX\EWARM\CubeMX\Obj\usbd_core.o
#        C:\Users\47282\Desktop\CubeMX\EWARM\CubeMX\Obj\usbd_ctlreq.o
#        C:\Users\47282\Desktop\CubeMX\EWARM\CubeMX\Obj\usbd_desc.o
#        C:\Users\47282\Desktop\CubeMX\EWARM\CubeMX\Obj\usbd_ioreq.o
#        C:\Users\47282\Desktop\CubeMX\EWARM\CubeMX\Obj\usbd_msc.o
#        C:\Users\47282\Desktop\CubeMX\EWARM\CubeMX\Obj\usbd_msc_bot.o
#        C:\Users\47282\Desktop\CubeMX\EWARM\CubeMX\Obj\usbd_msc_data.o
#        C:\Users\47282\Desktop\CubeMX\EWARM\CubeMX\Obj\usbd_msc_scsi.o
#        C:\Users\47282\Desktop\CubeMX\EWARM\CubeMX\Obj\usbd_storage_if.o
#        C:\Users\47282\Desktop\CubeMX\EWARM\CubeMX\Obj\user_diskio.o
#        --printf_multibytes --scanf_multibytes --no_out_extension -o
#        C:\Users\47282\Desktop\CubeMX\EWARM\CubeMX\Exe\CubeMX.out --map
#        C:\Users\47282\Desktop\CubeMX\EWARM\CubeMX\List\CubeMX.map --config
#        C:\Users\47282\Desktop\CubeMX\EWARM/stm32f103xe_flash.icf
#        --semihosting --entry __iar_program_start --vfe --text_out locale)
#
###############################################################################

*******************************************************************************
*** RUNTIME MODEL ATTRIBUTES
***

CppFlavor       = *
__SystemLibrary = DLib
__dlib_version  = 6


*******************************************************************************
*** HEAP SELECTION
***

The basic heap was selected because no calls to memory allocation
functions were found in the application outside of system library
functions, and there are calls to deallocation functions in the
application.


*******************************************************************************
*** PLACEMENT SUMMARY
***

"A0":  place at 0x800'0000 { ro section .intvec };
"P1":  place in [from 0x800'0000 to 0x807'ffff] { ro };
define block CSTACK with size = 8K, alignment = 8 { };
define block HEAP with size = 4608, alignment = 8 { };
"P2":  place in [from 0x2000'0000 to 0x2000'ffff] {
          rw, block CSTACK, block HEAP };
initialize by copy { rw };

  Section            Kind         Address    Size  Object
  -------            ----         -------    ----  ------
"A0":                                       0x130
  .intvec            ro code   0x800'0000   0x130  startup_stm32f103xe.o [1]
                             - 0x800'0130   0x130

"P1":                                      0xa8c4
  .text              ro code   0x800'0130   0xc16  xprintflarge.o [2]
  .text              ro code   0x800'0d46    0x7a  lz77_init_single.o [4]
  .text              ro code   0x800'0dc0    0xac  xlocale_c.o [2]
  .text              ro code   0x800'0e6c    0x16  strchr.o [4]
  .text              ro code   0x800'0e82    0x3a  zero_init3.o [4]
  .text              ro code   0x800'0ebc    0x40  xfail_s.o [2]
  .text              ro code   0x800'0efc    0x36  strlen.o [4]
  .text              ro code   0x800'0f32     0xa  xsprout.o [2]
  .text              ro code   0x800'0f3c    0x58  memchr.o [4]
  .text              ro code   0x800'0f94   0x230  I64DivMod.o [4]
  .text              ro code   0x800'11c4   0x1a2  DblMul.o [3]
  .text              ro code   0x800'1368    0xa6  ABImemcpy.o [4]
  .text              ro code   0x800'1410    0x70  frexp.o [3]
  .text              ro code   0x800'1480   0x246  DblDiv.o [3]
  .text              ro code   0x800'16c8    0x28  DblToU32.o [3]
  .text              ro code   0x800'16f0    0x1a  U32ToDbl.o [3]
  .text              ro code   0x800'170c    0xe2  DblSub.o [3]
  .text              ro code   0x800'17ee     0x6  abort.o [2]
  .text              ro code   0x800'17f4     0x2  I64DivZer.o [4]
  .text              ro code   0x800'17f8   0x17a  DblAdd.o [3]
  .text              ro code   0x800'1974    0x14  exit.o [5]
  .text              ro code   0x800'1988   0x964  tasks.o [1]
  .text              ro code   0x800'22ec   0x1dc  heap_4.o [1]
  .text              ro code   0x800'24c8    0x92  list.o [1]
  .text              ro code   0x800'255c   0x17c  port.o [1]
  .text              ro code   0x800'26d8   0x3ec  freertos.o [1]
  CODE               ro code   0x800'2ac4    0x88  portasm.o [1]
  .text              ro code   0x800'2b4c   0x564  queue.o [1]
  .text              ro code   0x800'30b0    0x88  cmsis_os.o [1]
  .text              ro code   0x800'3138    0x5c  usb_device.o [1]
  .text              ro code   0x800'3194    0x18  fatfs.o [1]
  .text              ro code   0x800'31ac   0x218  stm32f1xx_hal_gpio.o [1]
  .text              ro code   0x800'33c4   0x122  CircularQueue.o [1]
  .text              ro code   0x800'34e8   0x504  screen_com.o [1]
  .text              ro code   0x800'39ec   0x110  cc1310_com.o [1]
  .text              ro code   0x800'3afc   0x1d8  rtc.o [1]
  .text              ro code   0x800'3cd4    0x40  sprintf.o [2]
  .text              ro code   0x800'3d14   0x748  stm32f1xx_hal_uart.o [1]
  .text              ro code   0x800'445c   0x2aa  usbd_core.o [1]
  .text              ro code   0x800'4708   0x1f2  main.o [1]
  .text              ro code   0x800'48fc   0x248  usbd_msc.o [1]
  .text              ro code   0x800'4b44    0x44  ff_gen_drv.o [1]
  .text              ro code   0x800'4b88    0x66  ABImemset.o [4]
  .text              ro code   0x800'4bf0    0x3a  ABImemset48.o [4]
  .text              ro code   0x800'4c2c   0x14c  iar_Stoulx.o [2]
  .text              ro code   0x800'4d78   0x404  strto64.o [3]
  .text              ro code   0x800'517c    0x68  DblToFlt.o [3]
  .text              ro code   0x800'51e4    0x48  FltToDbl.o [3]
  .text              ro code   0x800'522c    0x44  stm32f1xx_hal.o [1]
  .text              ro code   0x800'5270   0x61c  stm32f1xx_hal_rtc.o [1]
  .text              ro code   0x800'588c     0xc  stm32f1xx_hal_pwr.o [1]
  .text              ro code   0x800'5898    0x1c  stm32f1xx_hal_rtc_ex.o [1]
  .text              ro code   0x800'58b4   0x544  usart.o [1]
  .text              ro code   0x800'5df8     0xc  stm32f1xx_hal.o [1]
  .text              ro code   0x800'5e04   0x472  stm32f1xx_hal_dma.o [1]
  .text              ro code   0x800'6276     0x2  stm32f1xx_hal_uart.o [1]
  .text              ro code   0x800'6278     0x2  stm32f1xx_hal_uart.o [1]
  .text              ro code   0x800'627a     0x2  stm32f1xx_hal_uart.o [1]
  .text              ro code   0x800'627c     0x2  stm32f1xx_hal_uart.o [1]
  .text              ro code   0x800'627e     0x2  stm32f1xx_hal_uart.o [1]
  .text              ro code   0x800'6280   0x56e  stm32f1xx_hal_rcc.o [1]
  .text              ro code   0x800'67f0   0x20c  usbd_conf.o [1]
  .text              ro code   0x800'69fc   0x588  usbd_ctlreq.o [1]
  .text              ro code   0x800'6f84    0x68  usbd_ioreq.o [1]
  .text              ro code   0x800'6fec    0xf0  gpio.o [1]
  .text              ro code   0x800'70dc    0x80  dma.o [1]
  .text              ro code   0x800'715c    0xd0  spi.o [1]
  .text              ro code   0x800'722c    0x94  tim.o [1]
  .text              ro code   0x800'72c0     0x6  ABImemclr4.o [4]
  .text              ro code   0x800'72c8   0x1c2  stm32f1xx_hal_rcc_ex.o [1]
  .text              ro code   0x800'748c    0x10  stm32f1xx_hal.o [1]
  .text              ro code   0x800'749c   0x26e  usbd_msc_bot.o [1]
  .text              ro code   0x800'770a    0x14  isspace.o [2]
  .text              ro code   0x800'771e    0x14  tolower.o [2]
  .text              ro code   0x800'7734   0x13a  ldexp.o [3]
  .text              ro code   0x800'786e   0x122  iar_Stopfx.o [2]
  .text              ro code   0x800'7990   0x1c4  iar_Stoflt.o [2]
  .text              ro code   0x800'7b54    0x22  S32ToDbl.o [3]
  .text              ro code   0x800'7b78   0x21c  iar_Stoxflt.o [2]
  .text              ro code   0x800'7d94    0xc0  stm32f1xx_hal_cortex.o [1]
  .text              ro code   0x800'7e54    0x78  stm32f1xx_hal_timebase_tim.o [1]
  .text              ro code   0x800'7ecc    0x4c  stm32f1xx_hal_msp.o [1]
  .text              ro code   0x800'7f18   0x756  stm32f1xx_hal_pcd.o [1]
  .text              ro code   0x800'866e    0x36  stm32f1xx_hal_pcd_ex.o [1]
  .text              ro code   0x800'86a4   0x5fc  stm32f1xx_hal_spi.o [1]
  .text              ro code   0x800'8ca0   0x23c  stm32f1xx_hal_tim.o [1]
  .text              ro code   0x800'8edc    0x40  stm32f1xx_hal_tim_ex.o [1]
  .text              ro code   0x800'8f1c   0x678  usbd_msc_scsi.o [1]
  .text              ro code   0x800'9594    0x14  isalpha.o [2]
  .text              ro code   0x800'95a8   0x876  stm32f1xx_ll_usb.o [1]
  .text              ro code   0x800'9e1e     0x2  stm32f1xx_hal_spi.o [1]
  .text              ro code   0x800'9e20     0x2  stm32f1xx_hal_tim.o [1]
  .text              ro code   0x800'9e22     0x2  stm32f1xx_hal_tim.o [1]
  .text              ro code   0x800'9e24     0x2  stm32f1xx_hal_tim.o [1]
  .text              ro code   0x800'9e26     0x2  stm32f1xx_hal_tim_ex.o [1]
  .text              ro code   0x800'9e28     0x2  stm32f1xx_hal_tim.o [1]
  .text              ro code   0x800'9e2a     0x2  stm32f1xx_hal_tim_ex.o [1]
  .text              ro code   0x800'9e2c   0x3f0  flash_opt.o [1]
  .text              ro code   0x800'a21c    0x28  printf.o [2]
  .text              ro code   0x800'a244   0x144  usbd_desc.o [1]
  .text              ro code   0x800'a388    0xb4  stm32f1xx_it.o [1]
  .text              ro code   0x800'a43c    0xb4  user_diskio.o [1]
  .text              ro code   0x800'a4f0    0x6a  usbd_storage_if.o [1]
  .rodata            const     0x800'a55c    0x68  freertos.o [1]
  .text              ro code   0x800'a5c4    0x5c  system_stm32f1xx.o [1]
  .rodata            const     0x800'a620    0x50  iar_Stoulx.o [2]
  .rodata            const     0x800'a670    0x48  freertos.o [1]
  .rodata            const     0x800'a6b8    0x48  strto64.o [3]
  .text              ro code   0x800'a700    0x28  data_init.o [4]
  .rodata            const     0x800'a728    0x24  usbd_storage_if.o [1]
  .iar.init_table    const     0x800'a74c    0x20  - Linker created -
  .text              ro code   0x800'a76c    0x1e  cmain.o [4]
  .text              ro code   0x800'a78a     0x4  low_level_init.o [2]
  .text              ro code   0x800'a78e     0x4  exit.o [2]
  .text              ro code   0x800'a794     0xa  cexit.o [4]
  .rodata            const     0x800'a7a0    0x18  usbd_msc_data.o [1]
  .text              ro code   0x800'a7b8    0x16  xprout.o [2]
  .text              ro code   0x800'a7d0     0xc  putchar.o [2]
  .text              ro code   0x800'a7dc    0x10  startup_stm32f103xe.o [1]
  .text              ro code   0x800'a7ec     0xc  cstartup_M.o [4]
  .text              ro code   0x800'a7f8     0xc  xencoding_8859_1.o [2]
  .rodata            const     0x800'a804     0x8  system_stm32f1xx.o [1]
  .rodata            const     0x800'a80c     0x6  xlocale_c.o [2]
  .text              ro code   0x800'a812     0x4  startup_stm32f103xe.o [1]
  .text              ro code   0x800'a816     0x4  startup_stm32f103xe.o [1]
  .text              ro code   0x800'a81a     0x4  startup_stm32f103xe.o [1]
  .text              ro code   0x800'a81e     0x4  startup_stm32f103xe.o [1]
  .text              ro code   0x800'a822     0x4  startup_stm32f103xe.o [1]
  .text              ro code   0x800'a826     0x4  startup_stm32f103xe.o [1]
  .text              ro code   0x800'a82a     0x4  startup_stm32f103xe.o [1]
  .text              ro code   0x800'a82e     0x4  startup_stm32f103xe.o [1]
  .text              ro code   0x800'a832     0x4  startup_stm32f103xe.o [1]
  .text              ro code   0x800'a836     0x4  startup_stm32f103xe.o [1]
  .text              ro code   0x800'a83a     0x4  startup_stm32f103xe.o [1]
  .text              ro code   0x800'a83e     0x4  startup_stm32f103xe.o [1]
  .text              ro code   0x800'a842     0x4  startup_stm32f103xe.o [1]
  .text              ro code   0x800'a846     0x4  startup_stm32f103xe.o [1]
  .text              ro code   0x800'a84a     0x4  startup_stm32f103xe.o [1]
  .text              ro code   0x800'a84e     0x4  startup_stm32f103xe.o [1]
  .text              ro code   0x800'a852     0x4  startup_stm32f103xe.o [1]
  .text              ro code   0x800'a856     0x4  startup_stm32f103xe.o [1]
  .text              ro code   0x800'a85a     0x4  startup_stm32f103xe.o [1]
  .text              ro code   0x800'a85e     0x4  startup_stm32f103xe.o [1]
  .text              ro code   0x800'a862     0x4  startup_stm32f103xe.o [1]
  .text              ro code   0x800'a866     0x4  startup_stm32f103xe.o [1]
  .text              ro code   0x800'a86a     0x4  startup_stm32f103xe.o [1]
  .text              ro code   0x800'a86e     0x4  startup_stm32f103xe.o [1]
  .text              ro code   0x800'a872     0x4  startup_stm32f103xe.o [1]
  .text              ro code   0x800'a876     0x4  startup_stm32f103xe.o [1]
  .text              ro code   0x800'a87a     0x4  startup_stm32f103xe.o [1]
  .text              ro code   0x800'a87e     0x4  startup_stm32f103xe.o [1]
  .text              ro code   0x800'a882     0x4  startup_stm32f103xe.o [1]
  .text              ro code   0x800'a886     0x4  startup_stm32f103xe.o [1]
  .text              ro code   0x800'a88a     0x4  startup_stm32f103xe.o [1]
  .text              ro code   0x800'a88e     0x4  startup_stm32f103xe.o [1]
  .text              ro code   0x800'a892     0x4  startup_stm32f103xe.o [1]
  .text              ro code   0x800'a896     0x4  startup_stm32f103xe.o [1]
  .text              ro code   0x800'a89a     0x4  startup_stm32f103xe.o [1]
  .text              ro code   0x800'a89e     0x4  startup_stm32f103xe.o [1]
  .text              ro code   0x800'a8a2     0x4  startup_stm32f103xe.o [1]
  .text              ro code   0x800'a8a6     0x4  startup_stm32f103xe.o [1]
  .text              ro code   0x800'a8aa     0x4  startup_stm32f103xe.o [1]
  .text              ro code   0x800'a8ae     0x4  startup_stm32f103xe.o [1]
  .text              ro code   0x800'a8b2     0x4  startup_stm32f103xe.o [1]
  .text              ro code   0x800'a8b6     0x4  startup_stm32f103xe.o [1]
  .text              ro code   0x800'a8ba     0x4  startup_stm32f103xe.o [1]
  .text              ro code   0x800'a8be     0x4  startup_stm32f103xe.o [1]
  .text              ro code   0x800'a8c2     0x4  startup_stm32f103xe.o [1]
  .text              ro code   0x800'a8c6     0x4  startup_stm32f103xe.o [1]
  .rodata            const     0x800'a8ca     0x0  zero_init3.o [4]
  .rodata            const     0x800'a8ca     0x0  lz77_init_single.o [4]
  Initializer bytes  const     0x800'a8ca   0x12a  <for P2-1>
                             - 0x800'a9f4  0xa8c4

"P2", part 1 of 3:                          0x25d
  P2-1                        0x2000'0000   0x25d  <Init block>
    .data            inited   0x2000'0000     0xc  cc1310_com.o [1]
    .data            inited   0x2000'000c     0xc  port.o [1]
    .data            inited   0x2000'0018    0x44  screen_com.o [1]
    .data            inited   0x2000'005c     0xc  stm32f1xx_hal.o [1]
    .data            inited   0x2000'0068     0x4  system_stm32f1xx.o [1]
    .data            inited   0x2000'006c    0x1c  usbd_desc.o [1]
    .data            inited   0x2000'0088    0x14  usbd_desc.o [1]
    .data            inited   0x2000'009c     0x4  usbd_desc.o [1]
    .data            inited   0x2000'00a0    0x1c  usbd_desc.o [1]
    .data            inited   0x2000'00bc    0x38  usbd_msc.o [1]
    .data            inited   0x2000'00f4    0x20  usbd_msc.o [1]
    .data            inited   0x2000'0114    0x20  usbd_msc.o [1]
    .data            inited   0x2000'0134    0x20  usbd_msc.o [1]
    .data            inited   0x2000'0154     0xc  usbd_msc.o [1]
    .data            inited   0x2000'0160    0x20  usbd_storage_if.o [1]
    .data            inited   0x2000'0180    0x14  user_diskio.o [1]
    .data            inited   0x2000'0194    0x38  xlocale_c.o [2]
    .data            inited   0x2000'01cc    0x48  xlocale_c.o [2]
    .data            inited   0x2000'0214    0x48  xfiles.o [2]
    .data            inited   0x2000'025c     0x1  user_diskio.o [1]
                            - 0x2000'025d   0x25d

"P2", part 2 of 3:                         0x3f30
  .bss               zero     0x2000'0260  0x2818  heap_4.o [1]
  .bss               zero     0x2000'2a78   0x320  cc1310_com.o [1]
  .bss               zero     0x2000'2d98   0x2c4  usb_device.o [1]
  .bss               zero     0x2000'305c   0x270  usbd_conf.o [1]
  .bss               zero     0x2000'32cc   0x26c  usbd_conf.o [1]
  .bss               zero     0x2000'3538   0x254  freertos.o [1]
  .bss               zero     0x2000'378c   0x200  usbd_desc.o [1]
  .bss               zero     0x2000'398c   0x110  usart.o [1]
  .bss               zero     0x2000'3a9c   0x100  screen_com.o [1]
  .bss               zero     0x2000'3b9c    0xc4  usart.o [1]
  .bss               zero     0x2000'3c60    0xc4  usart.o [1]
  .bss               zero     0x2000'3d24    0xa0  tasks.o [1]
  .bss               zero     0x2000'3dc4    0x8c  tasks.o [1]
  .bss               zero     0x2000'3e50    0x80  cc1310_com.o [1]
  .bss               zero     0x2000'3ed0    0x58  spi.o [1]
  .bss               zero     0x2000'3f28    0x50  xfiles.o [2]
  .bss               zero     0x2000'3f78    0x40  stm32f1xx_hal_timebase_tim.o [1]
  .bss               zero     0x2000'3fb8    0x40  tim.o [1]
  .bss               zero     0x2000'3ff8    0x40  usart.o [1]
  .bss               zero     0x2000'4038    0x40  usart.o [1]
  .bss               zero     0x2000'4078    0x40  usart.o [1]
  .bss               zero     0x2000'40b8    0x40  usart.o [1]
  .bss               zero     0x2000'40f8    0x28  screen_com.o [1]
  .bss               zero     0x2000'4120    0x1c  freertos.o [1]
  .bss               zero     0x2000'413c    0x1c  rtc.o [1]
  .bss               zero     0x2000'4158    0x18  cc1310_com.o [1]
  .bss               zero     0x2000'4170     0xc  ff_gen_drv.o [1]
  .bss               zero     0x2000'417c     0x8  fatfs.o [1]
  .bss               zero     0x2000'4184     0x4  flash_opt.o [1]
  .bss               zero     0x2000'4188     0x4  xfail_s.o [2]
  .bss               zero     0x2000'418c     0x1  usbd_ctlreq.o [1]
                            - 0x2000'418d  0x3f2d

"P2", part 3 of 3:                         0x2000
  CSTACK                      0x2000'4190  0x2000  <Block>
    CSTACK           uninit   0x2000'4190  0x2000  <Block tail>
                            - 0x2000'6190  0x2000

Unused ranges:

         From           To      Size
         ----           --      ----
   0x800'a9f4   0x807'ffff  0x7'560c
  0x2000'025d  0x2000'025f       0x3
  0x2000'6190  0x2000'ffff    0x9e70


*******************************************************************************
*** INIT TABLE
***

          Address      Size
          -------      ----
Zero (__iar_zero_init3)
    1 destination range, total size 0x3f2d:
          0x2000'0260  0x3f2d

Copy/lz77 (__iar_lz77_init_single3)
    1 source range, total size 0x12a (49% of destination):
           0x800'a8ca   0x12a
    1 destination range, total size 0x25d:
          0x2000'0000   0x25d



*******************************************************************************
*** MODULE SUMMARY
***

    Module                        ro code  ro data  rw data
    ------                        -------  -------  -------
command line/config:
    -------------------------------------------------------
    Total:

C:\Users\47282\Desktop\CubeMX\EWARM\CubeMX\Obj: [1]
    CircularQueue.o                   290
    cc1310_com.o                      272        5      964
    cmsis_os.o                        136
    dma.o                             128
    fatfs.o                            24                 8
    ff_gen_drv.o                       68                12
    flash_opt.o                     1 008                 4
    freertos.o                      1 004      176      624
    gpio.o                            240
    heap_4.o                          476            10 264
    list.o                            146
    main.o                            498
    port.o                            380        6       12
    portasm.o                         136
    queue.o                         1 380
    rtc.o                             472                28
    screen_com.o                    1 284       34      364
    spi.o                             208                88
    startup_stm32f103xe.o             504
    stm32f1xx_hal.o                    96        6       12
    stm32f1xx_hal_cortex.o            192
    stm32f1xx_hal_dma.o             1 138
    stm32f1xx_hal_gpio.o              536
    stm32f1xx_hal_msp.o                76
    stm32f1xx_hal_pcd.o             1 878
    stm32f1xx_hal_pcd_ex.o             54
    stm32f1xx_hal_pwr.o                12
    stm32f1xx_hal_rcc.o             1 390
    stm32f1xx_hal_rcc_ex.o            450
    stm32f1xx_hal_rtc.o             1 564
    stm32f1xx_hal_rtc_ex.o             28
    stm32f1xx_hal_spi.o             1 534
    stm32f1xx_hal_tim.o               580
    stm32f1xx_hal_tim_ex.o             68
    stm32f1xx_hal_timebase_tim.o      120                64
    stm32f1xx_hal_uart.o            1 874
    stm32f1xx_it.o                    180
    stm32f1xx_ll_usb.o              2 166
    system_stm32f1xx.o                 92       10        4
    tasks.o                         2 404               300
    tim.o                             148                64
    usart.o                         1 348               920
    usb_device.o                       92               708
    usbd_conf.o                       524             1 244
    usbd_core.o                       682
    usbd_ctlreq.o                   1 416                 1
    usbd_desc.o                       324       39      592
    usbd_ioreq.o                      104
    usbd_msc.o                        584       81      164
    usbd_msc_bot.o                    622
    usbd_msc_data.o                             24
    usbd_msc_scsi.o                 1 656
    usbd_storage_if.o                 106       52       32
    user_diskio.o                     180       10       21
    -------------------------------------------------------
    Total:                         32 872      443   16 494

dl7M_tlf.a: [2]
    abort.o                             6
    exit.o                              4
    iar_Stoflt.o                      452
    iar_Stopfx.o                      290
    iar_Stoulx.o                      332       80
    iar_Stoxflt.o                     540
    isalpha.o                          20
    isspace.o                          20
    low_level_init.o                    4
    printf.o                           40
    putchar.o                          12
    sprintf.o                          64
    tolower.o                          20
    xencoding_8859_1.o                 12
    xfail_s.o                          64                 4
    xfiles.o                                    35      152
    xlocale_c.o                       172       70      128
    xprintflarge.o                  3 094
    xprout.o                           22
    xsprout.o                          10
    -------------------------------------------------------
    Total:                          5 178      185      284

m7M_tl.a: [3]
    DblAdd.o                          378
    DblDiv.o                          582
    DblMul.o                          418
    DblSub.o                          226
    DblToFlt.o                        104
    DblToU32.o                         40
    FltToDbl.o                         72
    S32ToDbl.o                         34
    U32ToDbl.o                         26
    frexp.o                           112
    ldexp.o                           314
    strto64.o                       1 028       72
    -------------------------------------------------------
    Total:                          3 334       72

rt7M_tl.a: [4]
    ABImemclr4.o                        6
    ABImemcpy.o                       166
    ABImemset.o                       102
    ABImemset48.o                      58
    I64DivMod.o                       560
    I64DivZer.o                         2
    cexit.o                            10
    cmain.o                            30
    cstartup_M.o                       12
    data_init.o                        40
    lz77_init_single.o                122
    memchr.o                           88
    strchr.o                           22
    strlen.o                           54
    zero_init3.o                       58
    -------------------------------------------------------
    Total:                          1 330

shb_l.a: [5]
    exit.o                             20
    -------------------------------------------------------
    Total:                             20

    Gaps                               38        4
    Linker created                              32    8 192
-----------------------------------------------------------
    Grand Total:                   42 772      736   24 970


*******************************************************************************
*** ENTRY LIST
***

Entry                       Address    Size  Type      Object
-----                       -------    ----  ----      ------
.iar.init_table$$Base    0x800'a74c           --   Gb  - Linker created -
.iar.init_table$$Limit   0x800'a76c           --   Gb  - Linker created -
?main                    0x800'a76d          Code  Gb  cmain.o [4]
AHBPrescTable            0x800'a610    0x10  Data  Gb  system_stm32f1xx.o [1]
APBPrescTable            0x800'a804     0x8  Data  Gb  system_stm32f1xx.o [1]
BusFault_Handler         0x800'a38f     0x2  Code  Gb  stm32f1xx_it.o [1]
CC1310_Main_Com          0x800'3ac9    0x24  Code  Gb  cc1310_com.o [1]
CC1310_Opt_Loop          0x800'3a05    0xc4  Code  Gb  cc1310_com.o [1]
CC1310_Opt_init          0x800'39ed    0x18  Code  Gb  cc1310_com.o [1]
CC1310_RX_BUF           0x2000'3e50    0x80  Data  Gb  cc1310_com.o [1]
CC1310_TX_BUF           0x2000'0000     0xc  Data  Gb  cc1310_com.o [1]
CMD_SCREEN              0x2000'40f8     0xc  Data  Gb  screen_com.o [1]
CQ_getData               0x800'3461    0x42  Code  Gb  CircularQueue.o [1]
CQ_init                  0x800'33c5    0x32  Code  Gb  CircularQueue.o [1]
CQ_putData               0x800'33f7    0x6a  Code  Gb  CircularQueue.o [1]
CRC_Return               0x800'4895    0x2e  Code  Gb  main.o [1]
CSTACK$$Base            0x2000'4190           --   Gb  - Linker created -
CSTACK$$Limit           0x2000'6190           --   Gb  - Linker created -
CacheMore                0x800'0e01    0x24  Code  Lc  xlocale_c.o [2]
Crc_Cal                  0x800'4867    0x2e  Code  Gb  main.o [1]
DMA1_Channel2_IRQHandler
                         0x800'a395     0x6  Code  Gb  stm32f1xx_it.o [1]
DMA1_Channel3_IRQHandler
                         0x800'a39b     0x6  Code  Gb  stm32f1xx_it.o [1]
DMA1_Channel4_IRQHandler
                         0x800'a3a1     0x6  Code  Gb  stm32f1xx_it.o [1]
DMA1_Channel5_IRQHandler
                         0x800'a3a7     0x6  Code  Gb  stm32f1xx_it.o [1]
DMA1_Channel6_IRQHandler
                         0x800'a3ad     0x6  Code  Gb  stm32f1xx_it.o [1]
DMA1_Channel7_IRQHandler
                         0x800'a3b3     0x6  Code  Gb  stm32f1xx_it.o [1]
DMA_SetConfig            0x800'624d    0x2a  Code  Lc  stm32f1xx_hal_dma.o [1]
DQ_putData               0x800'34a3    0x44  Code  Gb  CircularQueue.o [1]
DebugMon_Handler         0x800'a393     0x2  Code  Gb  stm32f1xx_it.o [1]
Dtentox                  0x800'4e7d   0x178  Code  Lc  strto64.o [3]
Error_Handler            0x800'48f9     0x2  Code  Gb  main.o [1]
FATFS_LinkDriver         0x800'4b81     0x4  Code  Gb  ff_gen_drv.o [1]
FATFS_LinkDriverEx       0x800'4b45    0x3c  Code  Gb  ff_gen_drv.o [1]
FS_Desc                 0x2000'006c    0x1c  Data  Gb  usbd_desc.o [1]
Get_Date_Time            0x800'3c2d    0x92  Code  Gb  rtc.o [1]
Get_MCUUID               0x800'3819    0x8e  Code  Gb  screen_com.o [1]
Get_SerialNum            0x800'a2d3    0x28  Code  Lc  usbd_desc.o [1]
HAL_DMA_Abort            0x800'5f05    0x48  Code  Gb  stm32f1xx_hal_dma.o [1]
HAL_DMA_Abort_IT         0x800'5f4d    0xf0  Code  Gb  stm32f1xx_hal_dma.o [1]
HAL_DMA_IRQHandler       0x800'603d   0x1ca  Code  Gb  stm32f1xx_hal_dma.o [1]
HAL_DMA_Init             0x800'5e05    0x88  Code  Gb  stm32f1xx_hal_dma.o [1]
HAL_DMA_Start_IT         0x800'5e8d    0x78  Code  Gb  stm32f1xx_hal_dma.o [1]
HAL_GPIO_Init            0x800'31ad   0x1ae  Code  Gb  stm32f1xx_hal_gpio.o [1]
HAL_GPIO_ReadPin         0x800'335b    0x10  Code  Gb  stm32f1xx_hal_gpio.o [1]
HAL_GPIO_TogglePin       0x800'3379     0xe  Code  Gb  stm32f1xx_hal_gpio.o [1]
HAL_GPIO_WritePin        0x800'336b     0xe  Code  Gb  stm32f1xx_hal_gpio.o [1]
HAL_GetTick              0x800'5df9     0xc  Code  Wk  stm32f1xx_hal.o [1]
HAL_GetUIDw0             0x800'524d     0x6  Code  Gb  stm32f1xx_hal.o [1]
HAL_GetUIDw1             0x800'5253     0x6  Code  Gb  stm32f1xx_hal.o [1]
HAL_GetUIDw2             0x800'5259     0x6  Code  Gb  stm32f1xx_hal.o [1]
HAL_IncTick              0x800'748d    0x10  Code  Wk  stm32f1xx_hal.o [1]
HAL_Init                 0x800'522d    0x20  Code  Gb  stm32f1xx_hal.o [1]
HAL_InitTick             0x800'7e55    0x68  Code  Gb  stm32f1xx_hal_timebase_tim.o [1]
HAL_MspInit              0x800'7ecd    0x4c  Code  Gb  stm32f1xx_hal_msp.o [1]
HAL_NVIC_EnableIRQ       0x800'7e3f     0x2  Code  Gb  stm32f1xx_hal_cortex.o [1]
HAL_NVIC_SetPriority     0x800'7e21    0x1e  Code  Gb  stm32f1xx_hal_cortex.o [1]
HAL_NVIC_SetPriorityGrouping
                         0x800'7e1f     0x2  Code  Gb  stm32f1xx_hal_cortex.o [1]
HAL_PCDEx_PMAConfig      0x800'866f    0x36  Code  Gb  stm32f1xx_hal_pcd_ex.o [1]
HAL_PCDEx_SetConnectionState
                         0x800'69e7     0x2  Code  Gb  usbd_conf.o [1]
HAL_PCD_DataInStageCallback
                         0x800'6843    0x10  Code  Gb  usbd_conf.o [1]
HAL_PCD_DataOutStageCallback
                         0x800'6831    0x12  Code  Gb  usbd_conf.o [1]
HAL_PCD_EP_Close         0x800'81e1    0x4a  Code  Gb  stm32f1xx_hal_pcd.o [1]
HAL_PCD_EP_ClrStall      0x800'830f    0x5c  Code  Gb  stm32f1xx_hal_pcd.o [1]
HAL_PCD_EP_Flush         0x800'836b    0x32  Code  Gb  stm32f1xx_hal_pcd.o [1]
HAL_PCD_EP_GetRxCount    0x800'825f     0xe  Code  Gb  stm32f1xx_hal_pcd.o [1]
HAL_PCD_EP_Open          0x800'817f    0x62  Code  Gb  stm32f1xx_hal_pcd.o [1]
HAL_PCD_EP_Receive       0x800'822b    0x34  Code  Gb  stm32f1xx_hal_pcd.o [1]
HAL_PCD_EP_SetStall      0x800'82a1    0x6e  Code  Gb  stm32f1xx_hal_pcd.o [1]
HAL_PCD_EP_Transmit      0x800'826d    0x34  Code  Gb  stm32f1xx_hal_pcd.o [1]
HAL_PCD_IRQHandler       0x800'8015   0x142  Code  Gb  stm32f1xx_hal_pcd.o [1]
HAL_PCD_Init             0x800'7f19    0xca  Code  Gb  stm32f1xx_hal_pcd.o [1]
HAL_PCD_MspInit          0x800'67f1    0x34  Code  Gb  usbd_conf.o [1]
HAL_PCD_ResetCallback    0x800'685b    0x24  Code  Gb  usbd_conf.o [1]
HAL_PCD_ResumeCallback   0x800'689d     0x8  Code  Gb  usbd_conf.o [1]
HAL_PCD_SOFCallback      0x800'6853     0x8  Code  Gb  usbd_conf.o [1]
HAL_PCD_SetAddress       0x800'8157    0x28  Code  Gb  stm32f1xx_hal_pcd.o [1]
HAL_PCD_SetupStageCallback
                         0x800'6825     0xc  Code  Gb  usbd_conf.o [1]
HAL_PCD_Start            0x800'7fe3    0x32  Code  Gb  stm32f1xx_hal_pcd.o [1]
HAL_PCD_SuspendCallback
                         0x800'687f    0x1e  Code  Gb  usbd_conf.o [1]
HAL_PWR_EnableBkUpAccess
                         0x800'588d     0x8  Code  Gb  stm32f1xx_hal_pwr.o [1]
HAL_RCCEx_GetPeriphCLKFreq
                         0x800'73a5    0xbc  Code  Gb  stm32f1xx_hal_rcc_ex.o [1]
HAL_RCCEx_GetPeriphCLKFreq::aPLLMULFactorTable
                         0x800'7478    0x10  Data  Lc  stm32f1xx_hal_rcc_ex.o [1]
HAL_RCCEx_GetPeriphCLKFreq::aPredivFactorTable
                         0x800'7488     0x2  Data  Lc  stm32f1xx_hal_rcc_ex.o [1]
HAL_RCCEx_PeriphCLKConfig
                         0x800'72c9    0xdc  Code  Gb  stm32f1xx_hal_rcc_ex.o [1]
HAL_RCC_ClockConfig      0x800'65c3   0x11c  Code  Gb  stm32f1xx_hal_rcc.o [1]
HAL_RCC_EnableCSS        0x800'66df     0x8  Code  Gb  stm32f1xx_hal_rcc.o [1]
HAL_RCC_GetClockConfig   0x800'6751    0x34  Code  Gb  stm32f1xx_hal_rcc.o [1]
HAL_RCC_GetHCLKFreq      0x800'671f     0x6  Code  Gb  stm32f1xx_hal_rcc.o [1]
HAL_RCC_GetPCLK1Freq     0x800'6725    0x16  Code  Gb  stm32f1xx_hal_rcc.o [1]
HAL_RCC_GetPCLK2Freq     0x800'673b    0x16  Code  Gb  stm32f1xx_hal_rcc.o [1]
HAL_RCC_GetSysClockFreq
                         0x800'66e9    0x36  Code  Gb  stm32f1xx_hal_rcc.o [1]
HAL_RCC_GetSysClockFreq::aPLLMULFactorTable
                         0x800'67dc    0x10  Data  Lc  stm32f1xx_hal_rcc.o [1]
HAL_RCC_GetSysClockFreq::aPredivFactorTable
                         0x800'67ec     0x2  Data  Lc  stm32f1xx_hal_rcc.o [1]
HAL_RCC_OscConfig        0x800'6281   0x342  Code  Gb  stm32f1xx_hal_rcc.o [1]
HAL_RTCEx_BKUPRead       0x800'58a5     0xc  Code  Gb  stm32f1xx_hal_rtc_ex.o [1]
HAL_RTCEx_BKUPWrite      0x800'5899     0xc  Code  Gb  stm32f1xx_hal_rtc_ex.o [1]
HAL_RTC_GetDate          0x800'555f    0x5a  Code  Gb  stm32f1xx_hal_rtc.o [1]
HAL_RTC_GetTime          0x800'53c9    0xdc  Code  Gb  stm32f1xx_hal_rtc.o [1]
HAL_RTC_Init             0x800'5271    0xac  Code  Gb  stm32f1xx_hal_rtc.o [1]
HAL_RTC_MspInit          0x800'3b25    0x2c  Code  Gb  rtc.o [1]
HAL_RTC_SetDate          0x800'54a5    0xba  Code  Gb  stm32f1xx_hal_rtc.o [1]
HAL_RTC_SetTime          0x800'531d    0xac  Code  Gb  stm32f1xx_hal_rtc.o [1]
HAL_RTC_WaitForSynchro   0x800'55c1    0x38  Code  Gb  stm32f1xx_hal_rtc.o [1]
HAL_SPI_IRQHandler       0x800'8ad7   0x100  Code  Gb  stm32f1xx_hal_spi.o [1]
HAL_SPI_Init             0x800'86a5    0x7c  Code  Gb  stm32f1xx_hal_spi.o [1]
HAL_SPI_MspInit          0x800'719f    0x7c  Code  Gb  spi.o [1]
HAL_SPI_Transmit         0x800'8721   0x1c2  Code  Gb  stm32f1xx_hal_spi.o [1]
HAL_SPI_TransmitReceive
                         0x800'88e3   0x1f4  Code  Gb  stm32f1xx_hal_spi.o [1]
HAL_TIMEx_BreakCallback
                         0x800'9e27     0x2  Code  Wk  stm32f1xx_hal_tim_ex.o [1]
HAL_TIMEx_CommutCallback
                         0x800'9e2b     0x2  Code  Wk  stm32f1xx_hal_tim_ex.o [1]
HAL_TIMEx_MasterConfigSynchronization
                         0x800'8edd    0x40  Code  Gb  stm32f1xx_hal_tim_ex.o [1]
HAL_TIM_Base_Init        0x800'8ca1    0x32  Code  Gb  stm32f1xx_hal_tim.o [1]
HAL_TIM_Base_MspInit     0x800'7279    0x34  Code  Gb  tim.o [1]
HAL_TIM_Base_Start_IT    0x800'8cd3    0x22  Code  Gb  stm32f1xx_hal_tim.o [1]
HAL_TIM_IRQHandler       0x800'8cf5   0x152  Code  Gb  stm32f1xx_hal_tim.o [1]
HAL_TIM_PeriodElapsedCallback
                         0x800'48c3     0xe  Code  Gb  main.o [1]
HAL_UART_DMAStop         0x800'3fb3    0x64  Code  Gb  stm32f1xx_hal_uart.o [1]
HAL_UART_IRQHandler      0x800'4017   0x10c  Code  Gb  stm32f1xx_hal_uart.o [1]
HAL_UART_Init            0x800'3d15    0x5e  Code  Gb  stm32f1xx_hal_uart.o [1]
HAL_UART_MspInit         0x800'5991   0x2fe  Code  Gb  usart.o [1]
HAL_UART_Receive_DMA     0x800'3f19    0x9a  Code  Gb  stm32f1xx_hal_uart.o [1]
HAL_UART_Receive_IT      0x800'3e3b    0x60  Code  Gb  stm32f1xx_hal_uart.o [1]
HAL_UART_Transmit        0x800'3d73    0xc8  Code  Gb  stm32f1xx_hal_uart.o [1]
HAL_UART_Transmit_DMA    0x800'3e9b    0x7e  Code  Gb  stm32f1xx_hal_uart.o [1]
HardFault_Handler        0x800'a38b     0x2  Code  Gb  stm32f1xx_it.o [1]
IWDGHandle              0x2000'4124     0x4  Data  Gb  freertos.o [1]
IntToUnicode             0x800'a311    0x34  Code  Lc  usbd_desc.o [1]
LoadInt                  0x800'02e3    0x7a  Code  Lc  xprintflarge.o [2]
MSC_BOT_Abort            0x800'7699    0x4a  Code  Lc  usbd_msc_bot.o [1]
MSC_BOT_CBW_Decode       0x800'757d    0xac  Code  Lc  usbd_msc_bot.o [1]
MSC_BOT_CplClrFeature    0x800'76e3    0x28  Code  Gb  usbd_msc_bot.o [1]
MSC_BOT_DataIn           0x800'7505    0x3e  Code  Gb  usbd_msc_bot.o [1]
MSC_BOT_DataOut          0x800'7543    0x3a  Code  Gb  usbd_msc_bot.o [1]
MSC_BOT_DeInit           0x800'74fb     0xa  Code  Gb  usbd_msc_bot.o [1]
MSC_BOT_Init             0x800'749d    0x46  Code  Gb  usbd_msc_bot.o [1]
MSC_BOT_Reset            0x800'74e3    0x18  Code  Gb  usbd_msc_bot.o [1]
MSC_BOT_SendCSW          0x800'765d    0x34  Code  Gb  usbd_msc_bot.o [1]
MSC_BOT_SendData         0x800'7629    0x34  Code  Lc  usbd_msc_bot.o [1]
MSC_Mode_Sense10_data    0x800'a7b0     0x8  Data  Gb  usbd_msc_data.o [1]
MSC_Mode_Sense6_data     0x800'a7a8     0x8  Data  Gb  usbd_msc_data.o [1]
MSC_Page00_Inquiry_Data
                         0x800'a7a0     0x8  Data  Gb  usbd_msc_data.o [1]
MX_DMA_Init              0x800'70dd    0x80  Code  Gb  dma.o [1]
MX_FATFS_Init            0x800'3195    0x10  Code  Gb  fatfs.o [1]
MX_FREERTOS_Init         0x800'2703    0x96  Code  Gb  freertos.o [1]
MX_GPIO_Init             0x800'6fed    0xe0  Code  Gb  gpio.o [1]
MX_RTC_Init              0x800'3afd    0x28  Code  Gb  rtc.o [1]
MX_SPI2_Init             0x800'715d    0x42  Code  Gb  spi.o [1]
MX_TIM6_Init             0x800'722d    0x4c  Code  Gb  tim.o [1]
MX_UART4_Init            0x800'58b5    0x36  Code  Gb  usart.o [1]
MX_USART1_UART_Init      0x800'58eb    0x38  Code  Gb  usart.o [1]
MX_USART2_UART_Init      0x800'5923    0x38  Code  Gb  usart.o [1]
MX_USART3_UART_Init      0x800'595b    0x36  Code  Gb  usart.o [1]
MX_USB_DEVICE_Init       0x800'3139    0x5c  Code  Gb  usb_device.o [1]
MemManage_Handler        0x800'a38d     0x2  Code  Gb  stm32f1xx_it.o [1]
NMI_Handler              0x800'a389     0x2  Code  Gb  stm32f1xx_it.o [1]
NVIC_EncodePriority      0x800'7de9    0x36  Code  Lc  stm32f1xx_hal_cortex.o [1]
PCD_EP_ISR_Handler       0x800'839d   0x2d2  Code  Lc  stm32f1xx_hal_pcd.o [1]
PendSV_Handler           0x800'2ac5          Code  Gb  portasm.o [1]
RCC_Delay                0x800'6785    0x24  Code  Lc  stm32f1xx_hal_rcc.o [1]
RS485_OPTHandle         0x2000'4134     0x4  Data  Gb  freertos.o [1]
RTC_Bcd2ToByte           0x800'5709    0x14  Code  Lc  stm32f1xx_hal_rtc.o [1]
RTC_ByteToBcd2           0x800'56f1    0x18  Code  Lc  stm32f1xx_hal_rtc.o [1]
RTC_DateUpdate           0x800'571d    0xc8  Code  Lc  stm32f1xx_hal_rtc.o [1]
RTC_EnterInitMode        0x800'568f    0x30  Code  Lc  stm32f1xx_hal_rtc.o [1]
RTC_ExitInitMode         0x800'56bf    0x32  Code  Lc  stm32f1xx_hal_rtc.o [1]
RTC_IsLeapYear           0x800'57e5    0x34  Code  Lc  stm32f1xx_hal_rtc.o [1]
RTC_MY_recoverDate       0x800'3bd3    0x5a  Code  Gb  rtc.o [1]
RTC_ReadAlarmCounter     0x800'564d    0x10  Code  Lc  stm32f1xx_hal_rtc.o [1]
RTC_ReadTimeCounter      0x800'55f9    0x22  Code  Lc  stm32f1xx_hal_rtc.o [1]
RTC_Set_Date             0x800'3b73    0x60  Code  Gb  rtc.o [1]
RTC_Set_Time             0x800'3b51    0x22  Code  Gb  rtc.o [1]
RTC_UPDATEHandle        0x2000'4138     0x4  Data  Gb  freertos.o [1]
RTC_WeekDayNum           0x800'5819    0x6e  Code  Lc  stm32f1xx_hal_rtc.o [1]
RTC_WriteAlarmCounter    0x800'565d    0x32  Code  Lc  stm32f1xx_hal_rtc.o [1]
RTC_WriteTimeCounter     0x800'561b    0x32  Code  Lc  stm32f1xx_hal_rtc.o [1]
Region$$Table$$Base      0x800'a74c           --   Gb  - Linker created -
Region$$Table$$Limit     0x800'a76c           --   Gb  - Linker created -
SCREEN_OPTHandle        0x2000'4128     0x4  Data  Gb  freertos.o [1]
SCSI_CheckAddressRange   0x800'9441    0x22  Code  Lc  usbd_msc_scsi.o [1]
SCSI_Inquiry             0x800'8ff5    0x5e  Code  Lc  usbd_msc_scsi.o [1]
SCSI_ModeSense10         0x800'916d    0x20  Code  Lc  usbd_msc_scsi.o [1]
SCSI_ModeSense6          0x800'914d    0x20  Code  Lc  usbd_msc_scsi.o [1]
SCSI_ProcessCmd          0x800'8f1d    0x88  Code  Gb  usbd_msc_scsi.o [1]
SCSI_ProcessRead         0x800'9463    0x90  Code  Lc  usbd_msc_scsi.o [1]
SCSI_ProcessWrite        0x800'94f3    0xa2  Code  Lc  usbd_msc_scsi.o [1]
SCSI_Read10              0x800'9255    0xbc  Code  Lc  usbd_msc_scsi.o [1]
SCSI_ReadCapacity10      0x800'9053    0x74  Code  Lc  usbd_msc_scsi.o [1]
SCSI_ReadFormatCapacity
                         0x800'90c7    0x86  Code  Lc  usbd_msc_scsi.o [1]
SCSI_RequestSense        0x800'9199    0x7a  Code  Lc  usbd_msc_scsi.o [1]
SCSI_SenseCode           0x800'9213    0x36  Code  Gb  usbd_msc_scsi.o [1]
SCSI_StartStopUnit       0x800'9249     0xc  Code  Lc  usbd_msc_scsi.o [1]
SCSI_TestUnitReady       0x800'8fa5    0x50  Code  Lc  usbd_msc_scsi.o [1]
SCSI_Verify10            0x800'940b    0x36  Code  Lc  usbd_msc_scsi.o [1]
SCSI_Write10             0x800'9311    0xfa  Code  Lc  usbd_msc_scsi.o [1]
SPI2_IRQHandler          0x800'a3c5     0x6  Code  Gb  stm32f1xx_it.o [1]
SPI_DMAAbortOnError      0x800'8bd9     0xc  Code  Lc  stm32f1xx_hal_spi.o [1]
SPI_EndRxTxTransaction   0x800'8c7d    0x24  Code  Lc  stm32f1xx_hal_spi.o [1]
SPI_FLASH_BufferWrite    0x800'9f75    0xc2  Code  Gb  flash_opt.o [1]
SPI_FLASH_SectorErase    0x800'a037    0x74  Code  Gb  flash_opt.o [1]
SPI_FLASH_Write_Enable   0x800'a0ab    0x30  Code  Gb  flash_opt.o [1]
SPI_Flash_Read           0x800'a149    0xa2  Code  Gb  flash_opt.o [1]
SPI_Flash_ReadID         0x800'9e63    0x74  Code  Gb  flash_opt.o [1]
SPI_Flash_ReadSR         0x800'a0f3    0x56  Code  Gb  flash_opt.o [1]
SPI_Flash_Wait_Busy      0x800'a0dd    0x16  Code  Gb  flash_opt.o [1]
SPI_Flash_Write_Page     0x800'9ed7    0x9e  Code  Gb  flash_opt.o [1]
SPI_WaitFlagStateUntilTimeout
                         0x800'8be5    0x98  Code  Lc  stm32f1xx_hal_spi.o [1]
STORAGE_GetCapacity_FS   0x800'a4f5    0x10  Code  Lc  usbd_storage_if.o [1]
STORAGE_GetMaxLun_FS     0x800'a557     0x4  Code  Lc  usbd_storage_if.o [1]
STORAGE_Init_FS          0x800'a4f1     0x4  Code  Lc  usbd_storage_if.o [1]
STORAGE_Inquirydata_FS   0x800'a728    0x24  Data  Gb  usbd_storage_if.o [1]
STORAGE_IsReady_FS       0x800'a505     0xa  Code  Lc  usbd_storage_if.o [1]
STORAGE_IsWriteProtected_FS
                         0x800'a50f     0x4  Code  Lc  usbd_storage_if.o [1]
STORAGE_Read_FS          0x800'a513    0x1c  Code  Lc  usbd_storage_if.o [1]
STORAGE_Write_FS         0x800'a52f    0x28  Code  Lc  usbd_storage_if.o [1]
SVC_Handler              0x800'2b0b          Code  Gb  portasm.o [1]
SX1310_OPTHandle        0x2000'412c     0x4  Data  Gb  freertos.o [1]
SensorTab               0x2000'2a78   0x320  Data  Gb  cc1310_com.o [1]
Start_IWDG               0x800'2799    0x36  Code  Gb  freertos.o [1]
Start_RS485_Opt          0x800'286f     0xa  Code  Gb  freertos.o [1]
Start_RTC_Update         0x800'2879    0x76  Code  Gb  freertos.o [1]
Start_SX1310_Opt         0x800'2831    0x34  Code  Gb  freertos.o [1]
Start_Screen_Opt         0x800'27cf    0x62  Code  Gb  freertos.o [1]
Start_Update_Cloud       0x800'2865     0xa  Code  Gb  freertos.o [1]
Stat                    0x2000'025c     0x1  Data  Lc  user_diskio.o [1]
SysTick_Handler          0x800'2677    0x28  Code  Gb  port.o [1]
SystemClock_Config       0x800'47d1    0x96  Code  Gb  main.o [1]
SystemCoreClock         0x2000'0068     0x4  Data  Gb  system_stm32f1xx.o [1]
SystemInit               0x800'a5c5    0x3a  Code  Gb  system_stm32f1xx.o [1]
TIM1_UP_IRQHandler       0x800'a3bf     0x6  Code  Gb  stm32f1xx_it.o [1]
TIM6_IRQHandler          0x800'a3ff     0x6  Code  Gb  stm32f1xx_it.o [1]
TIM_Base_SetConfig       0x800'8e47    0x82  Code  Gb  stm32f1xx_hal_tim.o [1]
UART1_BUFF              0x2000'3c20    0x40  Data  Gb  usart.o [1]
UART2_BUFF              0x2000'3ce4    0x40  Data  Gb  usart.o [1]
UART3_BUFF              0x2000'3ff8    0x40  Data  Gb  usart.o [1]
UART4_BUFF              0x2000'4038    0x40  Data  Gb  usart.o [1]
UART4_IRQHandler         0x800'a3f9     0x6  Code  Gb  stm32f1xx_it.o [1]
UART_DMAAbortOnError     0x800'4285     0xc  Code  Lc  stm32f1xx_hal_uart.o [1]
UART_DMAError            0x800'4199    0x56  Code  Lc  stm32f1xx_hal_uart.o [1]
UART_DMAReceiveCplt      0x800'4159    0x38  Code  Lc  stm32f1xx_hal_uart.o [1]
UART_DMARxHalfCplt       0x800'4191     0x6  Code  Lc  stm32f1xx_hal_uart.o [1]
UART_DMATransmitCplt     0x800'4125    0x2a  Code  Lc  stm32f1xx_hal_uart.o [1]
UART_DMATxHalfCplt       0x800'4151     0x6  Code  Lc  stm32f1xx_hal_uart.o [1]
UART_EndRxTransfer       0x800'4267    0x1c  Code  Lc  stm32f1xx_hal_uart.o [1]
UART_EndTransmit_IT      0x800'42f3    0x1a  Code  Lc  stm32f1xx_hal_uart.o [1]
UART_EndTxTransfer       0x800'4255    0x12  Code  Lc  stm32f1xx_hal_uart.o [1]
UART_Receive_IT          0x800'430d    0x98  Code  Lc  stm32f1xx_hal_uart.o [1]
UART_SetConfig           0x800'43a5    0xae  Code  Lc  stm32f1xx_hal_uart.o [1]
UART_Transmit_IT         0x800'4291    0x62  Code  Lc  stm32f1xx_hal_uart.o [1]
UART_WaitOnFlagUntilTimeout
                         0x800'41ef    0x66  Code  Lc  stm32f1xx_hal_uart.o [1]
UPDATE_CLOUDHandle      0x2000'4130     0x4  Data  Gb  freertos.o [1]
USART1_IRQHandler        0x800'a3cb    0x14  Code  Gb  stm32f1xx_it.o [1]
USART2_IRQHandler        0x800'a3df    0x14  Code  Gb  stm32f1xx_it.o [1]
USART3_IRQHandler        0x800'a3f3     0x6  Code  Gb  stm32f1xx_it.o [1]
USAR_UART_IDLECallback   0x800'5ca1    0x68  Code  Gb  usart.o [1]
USBD_ClrClassConfig      0x800'44c3     0xe  Code  Gb  usbd_core.o [1]
USBD_ClrFeature          0x800'6ed5    0x1e  Code  Lc  usbd_ctlreq.o [1]
USBD_CtlContinueRx       0x800'6fb1    0x10  Code  Gb  usbd_ioreq.o [1]
USBD_CtlContinueSendData
                         0x800'6fa1    0x10  Code  Gb  usbd_ioreq.o [1]
USBD_CtlError            0x800'6f1b    0x16  Code  Gb  usbd_ctlreq.o [1]
USBD_CtlReceiveStatus    0x800'6fd7    0x16  Code  Gb  usbd_ioreq.o [1]
USBD_CtlSendData         0x800'6f85    0x1c  Code  Gb  usbd_ioreq.o [1]
USBD_CtlSendStatus       0x800'6fc1    0x16  Code  Gb  usbd_ioreq.o [1]
USBD_FS_ConfigStrDescriptor
                         0x800'a295    0x1e  Code  Gb  usbd_desc.o [1]
USBD_FS_DeviceDesc      0x2000'0088    0x14  Data  Gb  usbd_desc.o [1]
USBD_FS_DeviceDescriptor
                         0x800'a245     0x8  Code  Gb  usbd_desc.o [1]
USBD_FS_InterfaceStrDescriptor
                         0x800'a2b5    0x1e  Code  Gb  usbd_desc.o [1]
USBD_FS_LangIDStrDescriptor
                         0x800'a24d     0x8  Code  Gb  usbd_desc.o [1]
USBD_FS_ManufacturerStrDescriptor
                         0x800'a275    0x12  Code  Gb  usbd_desc.o [1]
USBD_FS_ProductStrDescriptor
                         0x800'a255    0x1e  Code  Gb  usbd_desc.o [1]
USBD_FS_SerialStrDescriptor
                         0x800'a287     0xe  Code  Gb  usbd_desc.o [1]
USBD_GetConfig           0x800'6e69    0x2e  Code  Lc  usbd_ctlreq.o [1]
USBD_GetDescriptor       0x800'6c0d   0x15e  Code  Lc  usbd_ctlreq.o [1]
USBD_GetLen              0x800'6f71    0x14  Code  Lc  usbd_ctlreq.o [1]
USBD_GetStatus           0x800'6e97    0x2c  Code  Lc  usbd_ctlreq.o [1]
USBD_GetString           0x800'6f31    0x40  Code  Gb  usbd_ctlreq.o [1]
USBD_Get_USB_Status      0x800'69e9    0x14  Code  Lc  usbd_conf.o [1]
USBD_Init                0x800'445d    0x2c  Code  Gb  usbd_core.o [1]
USBD_LL_ClearStallEP     0x800'6965    0x10  Code  Gb  usbd_conf.o [1]
USBD_LL_CloseEP          0x800'6935    0x10  Code  Gb  usbd_conf.o [1]
USBD_LL_DataInStage      0x800'45a7    0xca  Code  Gb  usbd_core.o [1]
USBD_LL_DataOutStage     0x800'4529    0x7e  Code  Gb  usbd_core.o [1]
USBD_LL_FlushEP          0x800'6945    0x10  Code  Gb  usbd_conf.o [1]
USBD_LL_GetRxDataSize    0x800'69c3     0x8  Code  Gb  usbd_conf.o [1]
USBD_LL_Init             0x800'68a5    0x6a  Code  Gb  usbd_conf.o [1]
USBD_LL_IsStallEP        0x800'6975    0x1e  Code  Gb  usbd_conf.o [1]
USBD_LL_OpenEP           0x800'691f    0x16  Code  Gb  usbd_conf.o [1]
USBD_LL_PrepareReceive   0x800'69b3    0x10  Code  Gb  usbd_conf.o [1]
USBD_LL_Reset            0x800'4671    0x54  Code  Gb  usbd_core.o [1]
USBD_LL_Resume           0x800'46db    0x12  Code  Gb  usbd_core.o [1]
USBD_LL_SOF              0x800'46ed    0x1a  Code  Gb  usbd_core.o [1]
USBD_LL_SetSpeed         0x800'46c5     0x6  Code  Gb  usbd_core.o [1]
USBD_LL_SetUSBAddress    0x800'6993    0x10  Code  Gb  usbd_conf.o [1]
USBD_LL_SetupStage       0x800'44d1    0x58  Code  Gb  usbd_core.o [1]
USBD_LL_StallEP          0x800'6955    0x10  Code  Gb  usbd_conf.o [1]
USBD_LL_Start            0x800'690f    0x10  Code  Gb  usbd_conf.o [1]
USBD_LL_Suspend          0x800'46cb    0x10  Code  Gb  usbd_core.o [1]
USBD_LL_Transmit         0x800'69a3    0x10  Code  Gb  usbd_conf.o [1]
USBD_LangIDDesc         0x2000'009c     0x4  Data  Gb  usbd_desc.o [1]
USBD_MSC                0x2000'00bc    0x38  Data  Gb  usbd_msc.o [1]
USBD_MSC_CfgFSDesc      0x2000'0114    0x20  Data  Gb  usbd_msc.o [1]
USBD_MSC_CfgHSDesc      0x2000'00f4    0x20  Data  Gb  usbd_msc.o [1]
USBD_MSC_DataIn          0x800'4af5     0xa  Code  Gb  usbd_msc.o [1]
USBD_MSC_DataOut         0x800'4aff     0xa  Code  Gb  usbd_msc.o [1]
USBD_MSC_DeInit          0x800'496f    0x38  Code  Gb  usbd_msc.o [1]
USBD_MSC_DeviceQualifierDesc
                        0x2000'0154     0xc  Data  Gb  usbd_msc.o [1]
USBD_MSC_GetDeviceQualifierDescriptor
                         0x800'4b21     0x8  Code  Gb  usbd_msc.o [1]
USBD_MSC_GetFSCfgDesc    0x800'4b11     0x8  Code  Gb  usbd_msc.o [1]
USBD_MSC_GetHSCfgDesc    0x800'4b09     0x8  Code  Gb  usbd_msc.o [1]
USBD_MSC_GetOtherSpeedCfgDesc
                         0x800'4b19     0x8  Code  Gb  usbd_msc.o [1]
USBD_MSC_Init            0x800'48fd    0x72  Code  Gb  usbd_msc.o [1]
USBD_MSC_OtherSpeedCfgDesc
                        0x2000'0134    0x20  Data  Gb  usbd_msc.o [1]
USBD_MSC_RegisterStorage
                         0x800'4b39     0xc  Code  Gb  usbd_msc.o [1]
USBD_MSC_Setup           0x800'49a7   0x14e  Code  Gb  usbd_msc.o [1]
USBD_ParseSetupRequest   0x800'6ef3    0x28  Code  Gb  usbd_ctlreq.o [1]
USBD_RegisterClass       0x800'4489    0x12  Code  Gb  usbd_core.o [1]
USBD_RunTestMode         0x800'44a5     0x4  Code  Gb  usbd_core.o [1]
USBD_SetAddress          0x800'6d6b    0x4e  Code  Lc  usbd_ctlreq.o [1]
USBD_SetClassConfig      0x800'44a9    0x1a  Code  Gb  usbd_core.o [1]
USBD_SetConfig           0x800'6db9    0xac  Code  Lc  usbd_ctlreq.o [1]
USBD_SetConfig::cfgidx  0x2000'418c     0x1  Data  Lc  usbd_ctlreq.o [1]
USBD_SetFeature          0x800'6ec3    0x12  Code  Lc  usbd_ctlreq.o [1]
USBD_Start               0x800'449b     0xa  Code  Gb  usbd_core.o [1]
USBD_StdDevReq           0x800'69fd    0x62  Code  Gb  usbd_ctlreq.o [1]
USBD_StdEPReq            0x800'6aad   0x15e  Code  Gb  usbd_ctlreq.o [1]
USBD_StdItfReq           0x800'6a5f    0x4e  Code  Gb  usbd_ctlreq.o [1]
USBD_Storage_Interface_fops_FS
                        0x2000'0160    0x20  Data  Gb  usbd_storage_if.o [1]
USBD_StrDesc            0x2000'378c   0x200  Data  Gb  usbd_desc.o [1]
USBD_StringSerial       0x2000'00a0    0x1c  Data  Gb  usbd_desc.o [1]
USBD_static_free         0x800'69e5     0x2  Code  Gb  usbd_conf.o [1]
USBD_static_malloc       0x800'69cb     0x4  Code  Gb  usbd_conf.o [1]
USBD_static_malloc::mem
                        0x2000'305c   0x270  Data  Lc  usbd_conf.o [1]
USB_ActivateEndpoint     0x800'95fd   0x29a  Code  Gb  stm32f1xx_ll_usb.o [1]
USB_CoreInit             0x800'95a9     0x8  Code  Gb  stm32f1xx_ll_usb.o [1]
USB_DeactivateEndpoint   0x800'9897   0x15e  Code  Gb  stm32f1xx_ll_usb.o [1]
USB_DevConnect           0x800'9dbb     0x4  Code  Gb  stm32f1xx_ll_usb.o [1]
USB_DevDisconnect        0x800'9dbf     0x4  Code  Gb  stm32f1xx_ll_usb.o [1]
USB_DevInit              0x800'95d7    0x1e  Code  Gb  stm32f1xx_ll_usb.o [1]
USB_DisableGlobalInt     0x800'95c1    0x12  Code  Gb  stm32f1xx_ll_usb.o [1]
USB_EP0_OutStart         0x800'9dc9     0x4  Code  Gb  stm32f1xx_ll_usb.o [1]
USB_EPClearStall         0x800'9d1f    0x8e  Code  Gb  stm32f1xx_ll_usb.o [1]
USB_EPSetStall           0x800'9ce5    0x3a  Code  Gb  stm32f1xx_ll_usb.o [1]
USB_EPStartXfer          0x800'99f5   0x2f0  Code  Gb  stm32f1xx_ll_usb.o [1]
USB_EnableGlobalInt      0x800'95b1    0x10  Code  Gb  stm32f1xx_ll_usb.o [1]
USB_FlushRxFifo          0x800'95f9     0x4  Code  Gb  stm32f1xx_ll_usb.o [1]
USB_FlushTxFifo          0x800'95f5     0x4  Code  Gb  stm32f1xx_ll_usb.o [1]
USB_LP_CAN1_RX0_IRQHandler
                         0x800'a3b9     0x6  Code  Gb  stm32f1xx_it.o [1]
USB_ReadInterrupts       0x800'9dc3     0x6  Code  Gb  stm32f1xx_ll_usb.o [1]
USB_ReadPMA              0x800'9df3    0x2c  Code  Gb  stm32f1xx_ll_usb.o [1]
USB_SetCurrentMode       0x800'95d3     0x4  Code  Gb  stm32f1xx_ll_usb.o [1]
USB_SetDevAddress        0x800'9dad     0xe  Code  Gb  stm32f1xx_ll_usb.o [1]
USB_WritePMA             0x800'9dcd    0x26  Code  Gb  stm32f1xx_ll_usb.o [1]
USERPath                0x2000'4180     0x4  Data  Gb  fatfs.o [1]
USER_Driver             0x2000'0180    0x14  Data  Gb  user_diskio.o [1]
USER_UART1_IRQHandler    0x800'5d45    0x68  Code  Gb  usart.o [1]
USER_UART2_IRQHandler    0x800'5d09    0x3c  Code  Gb  usart.o [1]
USER_initialize          0x800'a43d    0x20  Code  Gb  user_diskio.o [1]
USER_ioctl               0x800'a4c9    0x28  Code  Gb  user_diskio.o [1]
USER_read                0x800'a46d    0x2a  Code  Gb  user_diskio.o [1]
USER_status              0x800'a45d     0xa  Code  Gb  user_diskio.o [1]
USER_write               0x800'a497    0x30  Code  Gb  user_diskio.o [1]
UsageFault_Handler       0x800'a391     0x2  Code  Gb  stm32f1xx_it.o [1]
W25Q16_Init              0x800'9e2d    0x36  Code  Gb  flash_opt.o [1]
_Encoding_8859_1_Mbrlen
                         0x800'a7f9     0x2  Code  Gb  xencoding_8859_1.o [2]
_GenldLarge              0x800'0a5d   0x24c  Code  Lc  xprintflarge.o [2]
_LdtobLarge              0x800'0803   0x232  Code  Lc  xprintflarge.o [2]
_LitobLarge              0x800'06b3   0x10a  Code  Lc  xprintflarge.o [2]
_LocaleC_isalpha         0x800'0dc7     0xc  Code  Gb  xlocale_c.o [2]
_LocaleC_islower         0x800'0dc1     0x4  Code  Gb  xlocale_c.o [2]
_LocaleC_isspace         0x800'0ddd    0x14  Code  Gb  xlocale_c.o [2]
_LocaleC_isupper         0x800'0dc5     0x2  Code  Gb  xlocale_c.o [2]
_LocaleC_tolower         0x800'0df1     0xc  Code  Gb  xlocale_c.o [2]
_Locale_lconv           0x2000'0194    0x38  Data  Lc  xlocale_c.o [2]
_PrintfLarge             0x800'0131   0x1ac  Code  Gb  xprintflarge.o [2]
_Prout                   0x800'a7b9    0x16  Code  Gb  xprout.o [2]
_PutcharsLarge           0x800'0ca9    0x2e  Code  Lc  xprintflarge.o [2]
_PutfldLarge             0x800'035d   0x260  Code  Lc  xprintflarge.o [2]
_PuttxtLarge             0x800'05bd    0xf6  Code  Lc  xprintflarge.o [2]
_SProut                  0x800'0f33     0xa  Code  Gb  xsprout.o [2]
__NVIC_EnableIRQ         0x800'7db9    0x16  Code  Lc  stm32f1xx_hal_cortex.o [1]
__NVIC_GetPriorityGrouping
                         0x800'7daf     0xa  Code  Lc  stm32f1xx_hal_cortex.o [1]
__NVIC_SetPriority       0x800'7dcf    0x1a  Code  Lc  stm32f1xx_hal_cortex.o [1]
__NVIC_SetPriorityGrouping
                         0x800'7d95    0x1a  Code  Lc  stm32f1xx_hal_cortex.o [1]
__NVIC_SystemReset       0x800'26d9    0x1a  Code  Lc  freertos.o [1]
__aeabi_d2f              0x800'517d          Code  Gb  DblToFlt.o [3]
__aeabi_d2uiz            0x800'16c9          Code  Gb  DblToU32.o [3]
__aeabi_dadd             0x800'17f9          Code  Gb  DblAdd.o [3]
__aeabi_ddiv             0x800'1481          Code  Gb  DblDiv.o [3]
__aeabi_dmul             0x800'11c5          Code  Gb  DblMul.o [3]
__aeabi_dsub             0x800'170d          Code  Gb  DblSub.o [3]
__aeabi_f2d              0x800'51e5          Code  Gb  FltToDbl.o [3]
__aeabi_i2d              0x800'7b55          Code  Gb  S32ToDbl.o [3]
__aeabi_ldiv0            0x800'17f5          Code  Gb  I64DivZer.o [4]
__aeabi_memclr4          0x800'72c1          Code  Gb  ABImemclr4.o [4]
__aeabi_memcpy           0x800'1369          Code  Gb  ABImemcpy.o [4]
__aeabi_memcpy4          0x800'1389          Code  Gb  ABImemcpy.o [4]
__aeabi_memcpy8          0x800'1389          Code  Gb  ABImemcpy.o [4]
__aeabi_memset           0x800'4b89          Code  Gb  ABImemset.o [4]
__aeabi_memset4          0x800'4bf1          Code  Gb  ABImemset48.o [4]
__aeabi_memset8          0x800'4bf1          Code  Gb  ABImemset48.o [4]
__aeabi_ui2d             0x800'16f1          Code  Gb  U32ToDbl.o [3]
__aeabi_uldivmod         0x800'0f95          Code  Gb  I64DivMod.o [4]
__cmain                  0x800'a76d          Code  Gb  cmain.o [4]
__exit                   0x800'1975    0x14  Code  Gb  exit.o [5]
__iar_Fail_s             0x800'0ebd    0x1c  Code  Gb  xfail_s.o [2]
__iar_Memchr             0x800'0f3d          Code  Gb  memchr.o [4]
__iar_Memset             0x800'4b89          Code  Gb  ABImemset.o [4]
__iar_Memset4_word       0x800'4bf9          Code  Gb  ABImemset48.o [4]
__iar_Memset8_word       0x800'4bf9          Code  Gb  ABImemset48.o [4]
__iar_Memset_word        0x800'4b91          Code  Gb  ABImemset.o [4]
__iar_Stdout            0x2000'0214    0x48  Data  Gb  xfiles.o [2]
__iar_Sto64              0x800'4ff5   0x152  Code  Gb  strto64.o [3]
__iar_Stoflt             0x800'7991   0x1c4  Code  Gb  iar_Stoflt.o [2]
__iar_Stopfx             0x800'786f   0x122  Code  Gb  iar_Stopfx.o [2]
__iar_Stoulx             0x800'4c2d   0x13a  Code  Gb  iar_Stoulx.o [2]
__iar_Stoxflt            0x800'7b79   0x1e6  Code  Gb  iar_Stoxflt.o [2]
__iar_Stoxflt::digits    0x800'7d64    0x18  Data  Lc  iar_Stoxflt.o [2]
__iar_Stoxflt::vals      0x800'7d7c    0x18  Data  Lc  iar_Stoxflt.o [2]
__iar_Strchr             0x800'0e6d          Code  Gb  strchr.o [4]
__iar_dadd               0x800'171d          Code  Gb  DblSub.o [3]
__iar_data_init3         0x800'a701    0x28  Code  Gb  data_init.o [4]
__iar_dsub               0x800'1809          Code  Gb  DblAdd.o [3]
__iar_dsubStart          0x800'181b          Code  Gb  DblAdd.o [3]
__iar_frexp              0x800'141d          Code  Gb  frexp.o [3]
__iar_frexp64            0x800'1411          Code  Gb  frexp.o [3]
__iar_frexpl             0x800'141d          Code  Gb  frexp.o [3]
__iar_globLocale        0x2000'01cc    0x48  Data  Lc  xlocale_c.o [2]
__iar_global_Locale      0x800'0dfd     0x4  Code  Gb  xlocale_c.o [2]
__iar_ldexp64            0x800'7735          Code  Gb  ldexp.o [3]
__iar_lz77_init_single3
                         0x800'0d47    0x7a  Code  Gb  lz77_init_single.o [4]
__iar_program_start      0x800'a7ed          Code  Gb  cstartup_M.o [4]
__iar_scalbln64          0x800'7735          Code  Gb  ldexp.o [3]
__iar_scalbn64           0x800'7735          Code  Gb  ldexp.o [3]
__iar_zero_init3         0x800'0e83    0x3a  Code  Gb  zero_init3.o [4]
__low_level_init         0x800'a78b     0x4  Code  Gb  low_level_init.o [2]
__vector_table           0x800'0000          Data  Gb  startup_stm32f103xe.o [1]
_call_main               0x800'a779          Code  Gb  cmain.o [4]
_exit                    0x800'a795          Code  Gb  cexit.o [4]
_gLocale_mblen           0x800'0e5d     0x4  Code  Gb  xlocale_c.o [2]
_gLocale_mblenInt        0x800'0e25    0x2c  Code  Gb  xlocale_c.o [2]
_main                    0x800'a787          Code  Gb  cmain.o [4]
abort                    0x800'17ef     0x6  Code  Gb  abort.o [2]
atof                     0x800'5175     0x8  Code  Gb  strto64.o [3]
atoi                     0x800'4d6d     0x2  Code  Gb  iar_Stoulx.o [2]
cc1310_circ             0x2000'415c    0x14  Data  Gb  cc1310_com.o [1]
current_date_time       0x2000'413c     0x8  Data  Gb  rtc.o [1]
ddiv                     0x800'4def    0x76  Code  Lc  strto64.o [3]
device_count            0x2000'4158     0x1  Data  Lc  cc1310_com.o [1]
digits                   0x800'a648    0x28  Data  Lc  iar_Stoulx.o [2]
disk                    0x2000'4170     0xc  Data  Gb  ff_gen_drv.o [1]
dmul                     0x800'4d79    0x76  Code  Lc  strto64.o [3]
exit                     0x800'a78f     0x4  Code  Gb  exit.o [2]
fixStoreNums            0x2000'4184     0x4  Data  Lc  flash_opt.o [1]
fputc                    0x800'5c8f    0x12  Code  Gb  usart.o [1]
frexp                    0x800'1411          Code  Gb  frexp.o [3]
frexpl                   0x800'1411          Code  Gb  frexp.o [3]
get_resert_status        0x800'28f1    0x88  Code  Gb  freertos.o [1]
hUsbDeviceFS            0x2000'2d98   0x2c4  Data  Gb  usb_device.o [1]
hdma_usart1_rx          0x2000'3b9c    0x44  Data  Gb  usart.o [1]
hdma_usart1_tx          0x2000'398c    0x44  Data  Gb  usart.o [1]
hdma_usart2_rx          0x2000'3c60    0x44  Data  Gb  usart.o [1]
hdma_usart2_tx          0x2000'39d0    0x44  Data  Gb  usart.o [1]
hdma_usart3_rx          0x2000'3a14    0x44  Data  Gb  usart.o [1]
hdma_usart3_tx          0x2000'3a58    0x44  Data  Gb  usart.o [1]
hpcd_USB_FS             0x2000'32cc   0x26c  Data  Gb  usbd_conf.o [1]
hrtc                    0x2000'4144    0x14  Data  Gb  rtc.o [1]
hspi2                   0x2000'3ed0    0x58  Data  Gb  spi.o [1]
htim1                   0x2000'3f78    0x40  Data  Gb  stm32f1xx_hal_timebase_tim.o [1]
htim6                   0x2000'3fb8    0x40  Data  Gb  tim.o [1]
huart1                  0x2000'3be0    0x40  Data  Gb  usart.o [1]
huart2                  0x2000'3ca4    0x40  Data  Gb  usart.o [1]
huart3                  0x2000'40b8    0x40  Data  Gb  usart.o [1]
huart4                  0x2000'4078    0x40  Data  Gb  usart.o [1]
isalpha                  0x800'9595    0x14  Code  Gb  isalpha.o [2]
isspace                  0x800'770b    0x14  Code  Gb  isspace.o [2]
ldexp                    0x800'7735          Code  Gb  ldexp.o [3]
ldexpl                   0x800'7735          Code  Gb  ldexp.o [3]
localeconv               0x800'0e61     0x4  Code  Gb  xlocale_c.o [2]
main                     0x800'4709    0xc8  Code  Gb  main.o [1]
makeFreeRtosPriority     0x800'30b1    0x10  Code  Lc  cmsis_os.o [1]
memchr                   0x800'0f3d          Code  Gb  memchr.o [4]
ndigs                    0x800'a620    0x28  Data  Lc  iar_Stoulx.o [2]
obuf                    0x2000'3f28    0x50  Data  Lc  xfiles.o [2]
osDelay                  0x800'3129    0x10  Code  Gb  cmsis_os.o [1]
osKernelStart            0x800'30c1     0xa  Code  Gb  cmsis_os.o [1]
osThreadCreate           0x800'30cb    0x5e  Code  Gb  cmsis_os.o [1]
pows                     0x800'a6b8    0x48  Data  Lc  strto64.o [3]
printf                   0x800'a21d    0x28  Code  Gb  printf.o [2]
prvAddCurrentTaskToDelayedList
                         0x800'2275    0x68  Code  Lc  tasks.o [1]
prvAddNewTaskToReadyList
                         0x800'1b0d    0x84  Code  Lc  tasks.o [1]
prvCheckTasksWaitingTermination
                         0x800'1fd7    0x34  Code  Lc  tasks.o [1]
prvCopyDataToQueue       0x800'2f91    0x74  Code  Lc  queue.o [1]
prvDeleteTCB             0x800'200b    0x40  Code  Lc  tasks.o [1]
prvGetDisinheritPriorityAfterTimeout
                         0x800'2f7d    0x14  Code  Lc  queue.o [1]
prvHeapInit              0x800'2427    0x4e  Code  Lc  heap_4.o [1]
prvIdleTask              0x800'1f69    0x20  Code  Lc  tasks.o [1]
prvInitialiseMutex       0x800'2c41    0x14  Code  Lc  queue.o [1]
prvInitialiseNewQueue    0x800'2c27    0x1a  Code  Lc  queue.o [1]
prvInitialiseNewTask     0x800'1a69    0xa4  Code  Lc  tasks.o [1]
prvInitialiseTaskLists   0x800'1f89    0x4e  Code  Lc  tasks.o [1]
prvInsertBlockIntoFreeList
                         0x800'2475    0x4e  Code  Lc  heap_4.o [1]
prvIsQueueEmpty          0x800'3077    0x18  Code  Lc  queue.o [1]
prvIsQueueFull           0x800'308f    0x1e  Code  Lc  queue.o [1]
prvResetNextTaskUnblockTime
                         0x800'204b    0x1e  Code  Lc  tasks.o [1]
prvTaskExitError         0x800'2581    0x1c  Code  Lc  port.o [1]
prvUnlockQueue           0x800'3005    0x72  Code  Lc  queue.o [1]
putchar                  0x800'a7d1     0xc  Code  Gb  putchar.o [2]
pvPortMalloc             0x800'22ed    0xdc  Code  Gb  heap_4.o [1]
pvTaskIncrementMutexHeldCount
                         0x800'2259    0x16  Code  Gb  tasks.o [1]
pxCurrentTCB            0x2000'3d4c     0x4  Data  Gb  tasks.o [1]
pxDelayedTaskList       0x2000'3d50     0x4  Data  Lc  tasks.o [1]
pxEnd                   0x2000'0268     0x4  Data  Lc  heap_4.o [1]
pxOverflowDelayedTaskList
                        0x2000'3d54     0x4  Data  Lc  tasks.o [1]
pxPortInitialiseStack    0x800'255d    0x22  Code  Gb  port.o [1]
pxReadyTasksLists       0x2000'3dc4    0x8c  Data  Lc  tasks.o [1]
retUSER                 0x2000'417c     0x1  Data  Gb  fatfs.o [1]
scalbln                  0x800'7735          Code  Gb  ldexp.o [3]
scalblnl                 0x800'7735          Code  Gb  ldexp.o [3]
scalbn                   0x800'7735          Code  Gb  ldexp.o [3]
scalbnl                  0x800'7735          Code  Gb  ldexp.o [3]
scale                    0x800'07bd    0x46  Code  Lc  xprintflarge.o [2]
screen_EOF_TxBuf        0x2000'0058     0x4  Data  Gb  screen_com.o [1]
screen_SLEEP_MODE       0x2000'4108     0x1  Data  Gb  screen_com.o [1]
screen_circ             0x2000'410c    0x14  Data  Gb  screen_com.o [1]
screen_crc_H            0x2000'4105     0x1  Data  Gb  screen_com.o [1]
screen_crc_L            0x2000'4104     0x1  Data  Gb  screen_com.o [1]
screen_crc_ret          0x2000'410a     0x2  Data  Gb  screen_com.o [1]
screen_get_par           0x800'366d   0x1ac  Code  Gb  screen_com.o [1]
screen_goto_page         0x800'3619    0x54  Code  Gb  screen_com.o [1]
screen_main_opt          0x800'34e9   0x130  Code  Gb  screen_com.o [1]
screen_pageid_CURRENT   0x2000'4106     0x1  Data  Gb  screen_com.o [1]
screen_pageid_OLD       0x2000'4107     0x1  Data  Gb  screen_com.o [1]
screen_rx_buff          0x2000'3a9c   0x100  Data  Gb  screen_com.o [1]
screen_tx_buff          0x2000'0018    0x40  Data  Gb  screen_com.o [1]
sec_hand                0x2000'4188     0x4  Data  Lc  xfail_s.o [2]
sprintf                  0x800'3cd5    0x40  Code  Gb  sprintf.o [2]
strchr                   0x800'0e6d          Code  Gb  strchr.o [4]
strlen                   0x800'0efd          Code  Gb  strlen.o [4]
tolower                  0x800'771f    0x14  Code  Gb  tolower.o [2]
ucHeap                  0x2000'0278  0x2800  Data  Lc  heap_4.o [1]
ucMaxSysCallPriority    0x2000'000c     0x1  Data  Lc  port.o [1]
ulMaxPRIGROUPValue      0x2000'0014     0x4  Data  Lc  port.o [1]
uwTick                  0x2000'0060     0x4  Data  Gb  stm32f1xx_hal.o [1]
uwTickFreq              0x2000'005c     0x1  Data  Gb  stm32f1xx_hal.o [1]
uwTickPrio              0x2000'0064     0x4  Data  Gb  stm32f1xx_hal.o [1]
uxCriticalNesting       0x2000'0010     0x4  Data  Lc  port.o [1]
uxCurrentNumberOfTasks  0x2000'3d70     0x4  Data  Lc  tasks.o [1]
uxDeletedTasksWaitingCleanUp
                        0x2000'3d58     0x4  Data  Lc  tasks.o [1]
uxListRemove             0x800'2535    0x26  Code  Gb  list.o [1]
uxPendedTicks           0x2000'3d80     0x4  Data  Lc  tasks.o [1]
uxSchedulerSuspended    0x2000'3d98     0x4  Data  Lc  tasks.o [1]
uxTaskNumber            0x2000'3d8c     0x4  Data  Lc  tasks.o [1]
uxTopReadyPriority      0x2000'3d78     0x4  Data  Lc  tasks.o [1]
vApplicationGetIdleTaskMemory
                         0x800'26f3    0x10  Code  Gb  freertos.o [1]
vListInitialise          0x800'24c9    0x1a  Code  Gb  list.o [1]
vListInitialiseItem      0x800'24e3     0x6  Code  Gb  list.o [1]
vListInsert              0x800'2501    0x34  Code  Gb  list.o [1]
vListInsertEnd           0x800'24e9    0x18  Code  Gb  list.o [1]
vPortEnterCritical       0x800'261f    0x32  Code  Gb  port.o [1]
vPortExitCritical        0x800'2651    0x26  Code  Gb  port.o [1]
vPortFree                0x800'23c9    0x5e  Code  Gb  heap_4.o [1]
vPortStartFirstTask      0x800'2b2b          Code  Gb  portasm.o [1]
vTaskDelay               0x800'1b91    0x4c  Code  Gb  tasks.o [1]
vTaskInternalSetTimeOutState
                         0x800'1edb     0xe  Code  Gb  tasks.o [1]
vTaskMissedYield         0x800'1f61     0x8  Code  Gb  tasks.o [1]
vTaskPlaceOnEventList    0x800'1e39    0x30  Code  Gb  tasks.o [1]
vTaskPriorityDisinheritAfterTimeout
                         0x800'21ab    0xa4  Code  Gb  tasks.o [1]
vTaskStartScheduler      0x800'1bdd    0x68  Code  Gb  tasks.o [1]
vTaskSuspendAll          0x800'1c45     0xc  Code  Gb  tasks.o [1]
vTaskSwitchContext       0x800'1ddf    0x5a  Code  Gb  tasks.o [1]
xBlockAllocatedBit      0x2000'0274     0x4  Data  Lc  heap_4.o [1]
xDelayedTaskList1       0x2000'3d9c    0x14  Data  Lc  tasks.o [1]
xDelayedTaskList2       0x2000'3db0    0x14  Data  Lc  tasks.o [1]
xFreeBytesRemaining     0x2000'026c     0x4  Data  Lc  heap_4.o [1]
xIdleStack              0x2000'358c   0x200  Data  Lc  freertos.o [1]
xIdleTaskHandle         0x2000'3d94     0x4  Data  Lc  tasks.o [1]
xIdleTaskTCBBuffer      0x2000'3538    0x54  Data  Lc  freertos.o [1]
xMinimumEverFreeBytesRemaining
                        0x2000'0270     0x4  Data  Lc  heap_4.o [1]
xNextTaskUnblockTime    0x2000'3d90     0x4  Data  Lc  tasks.o [1]
xNumOfOverflows         0x2000'3d88     0x4  Data  Lc  tasks.o [1]
xPendingReadyList       0x2000'3d24    0x14  Data  Lc  tasks.o [1]
xPortStartScheduler      0x800'259d    0x82  Code  Gb  port.o [1]
xQueueCreateMutex        0x800'2c55    0x16  Code  Gb  queue.o [1]
xQueueGenericCreate      0x800'2bdb    0x4c  Code  Gb  queue.o [1]
xQueueGenericReset       0x800'2b4d    0x8e  Code  Gb  queue.o [1]
xQueueGenericSend        0x800'2c6b   0x17c  Code  Gb  queue.o [1]
xQueueSemaphoreTake      0x800'2de7   0x196  Code  Gb  queue.o [1]
xSchedulerRunning       0x2000'3d7c     0x4  Data  Lc  tasks.o [1]
xSemaphore              0x2000'4120     0x4  Data  Gb  freertos.o [1]
xStart                  0x2000'0260     0x8  Data  Lc  heap_4.o [1]
xSuspendedTaskList      0x2000'3d5c    0x14  Data  Lc  tasks.o [1]
xTaskCheckForTimeOut     0x800'1ee9    0x78  Code  Gb  tasks.o [1]
xTaskCreate              0x800'1a03    0x66  Code  Gb  tasks.o [1]
xTaskCreateStatic        0x800'1989    0x7a  Code  Gb  tasks.o [1]
xTaskGetSchedulerState   0x800'2069    0x1c  Code  Gb  tasks.o [1]
xTaskIncrementTick       0x800'1d11    0xce  Code  Gb  tasks.o [1]
xTaskPriorityDisinherit
                         0x800'2113    0x98  Code  Gb  tasks.o [1]
xTaskPriorityInherit     0x800'2085    0x8e  Code  Gb  tasks.o [1]
xTaskRemoveFromEventList
                         0x800'1e69    0x72  Code  Gb  tasks.o [1]
xTaskResumeAll           0x800'1c51    0xc0  Code  Gb  tasks.o [1]
xTasksWaitingTermination
                        0x2000'3d38    0x14  Data  Lc  tasks.o [1]
xTickCount              0x2000'3d74     0x4  Data  Lc  tasks.o [1]
xYieldPending           0x2000'3d84     0x4  Data  Lc  tasks.o [1]


[1] = C:\Users\47282\Desktop\CubeMX\EWARM\CubeMX\Obj
[2] = dl7M_tlf.a
[3] = m7M_tl.a
[4] = rt7M_tl.a
[5] = shb_l.a

  42 772 bytes of readonly  code memory
     736 bytes of readonly  data memory
  24 970 bytes of readwrite data memory

Errors: none
Warnings: none
